nohup: ignoring input
INFO:     Will watch for changes in these directories: ['/home/rumeshchathuranga/Documents/DBMS_Claude/backend']
INFO:     Uvicorn running on http://0.0.0.0:8000 (Press CTRL+C to quit)
INFO:     Started reloader process [16208] using StatReload
============================================================
🏨 HRGSMS API Server
============================================================
Host: 0.0.0.0
Port: 8000
Debug: True
Database: hrgsms_db
============================================================

📝 API Documentation will be available at:
   http://localhost:8000/docs
   http://localhost:8000/redoc

🔗 API Base URL:
   http://localhost:8000/api

⏹️  Press CTRL+C to stop the server
============================================================

INFO:app.database.connection:✅ Database connection pool initialized successfully
INFO:     Started server process [16211]
INFO:     Waiting for application startup.
INFO:app.main:🚀 Starting HRGSMS API...
INFO:app.main:✅ Database connection pool initialized
INFO:     Application startup complete.
INFO:     127.0.0.1:60304 - "GET /health HTTP/1.1" 200 OK
INFO:app.services.booking_service:Getting bookings - branch_id: None, status: None, page: 1, page_size: 20
INFO:app.services.booking_service:Executing query: 
                SELECT 
                    b.bookingID,
                    b.guestID,
                    b.branchID,
                    b.roomID,
                    b.rate,
                    b.checkInDate,
                    b.checkOutDate,
                    b.numGuests,
                    b.bookingStatus,
                    g.firstName,
                    g.lastName,
                    g.phone,
                    g.email,
                    r.roomNo,
                    rt.typeName,
                    br.location as branchLocation
                FROM Booking b
                JOIN Guest g ON b.guestID = g.guestID
                JOIN Room r ON b.roomID = r.roomID
                JOIN Room_Type rt ON r.typeID = rt.typeID
                JOIN Branch br ON b.branchID = br.branchID
             ORDER BY b.checkInDate DESC
INFO:app.services.booking_service:With params: []
ERROR:app.database.connection:❌ Database error: (1054, "Unknown column 'br.location' in 'field list'")
ERROR:app.database.connection:❌ Query execution error: (1054, "Unknown column 'br.location' in 'field list'")
ERROR:app.database.connection:Query: 
                SELECT 
                    b.bookingID,
                    b.guestID,
                    b.branchID,
                    b.roomID,
                    b.rate,
                    b.checkInDate,
                    b.checkOutDate,
                    b.numGuests,
                    b.bookingStatus,
                    g.firstName,
                    g.lastName,
                    g.phone,
                    g.email,
                    r.roomNo,
                    rt.typeName,
                    br.location as branchLocation
                FROM Booking b
                JOIN Guest g ON b.guestID = g.guestID
                JOIN Room r ON b.roomID = r.roomID
                JOIN Room_Type rt ON r.typeID = rt.typeID
                JOIN Branch br ON b.branchID = br.branchID
             ORDER BY b.checkInDate DESC
ERROR:app.database.connection:Params: ()
ERROR:app.services.booking_service:Failed to get bookings: (1054, "Unknown column 'br.location' in 'field list'")
ERROR:app.services.booking_service:Full exception details:
Traceback (most recent call last):
  File "/home/rumeshchathuranga/Documents/DBMS_Claude/backend/app/services/booking_service.py", line 264, in get_bookings
    bookings = DatabaseOperations.execute_query(
        query,
        tuple(params),
        fetch_all=True
    )
  File "/home/rumeshchathuranga/Documents/DBMS_Claude/backend/app/database/connection.py", line 172, in execute_query
    cursor.execute(query, params or ())
    ~~~~~~~~~~~~~~^^^^^^^^^^^^^^^^^^^^^
  File "/home/rumeshchathuranga/Documents/DBMS_Claude/backend/venv/lib64/python3.13/site-packages/pymysql/cursors.py", line 153, in execute
    result = self._query(query)
  File "/home/rumeshchathuranga/Documents/DBMS_Claude/backend/venv/lib64/python3.13/site-packages/pymysql/cursors.py", line 322, in _query
    conn.query(q)
    ~~~~~~~~~~^^^
  File "/home/rumeshchathuranga/Documents/DBMS_Claude/backend/venv/lib64/python3.13/site-packages/pymysql/connections.py", line 575, in query
    self._affected_rows = self._read_query_result(unbuffered=unbuffered)
                          ~~~~~~~~~~~~~~~~~~~~~~~^^^^^^^^^^^^^^^^^^^^^^^
  File "/home/rumeshchathuranga/Documents/DBMS_Claude/backend/venv/lib64/python3.13/site-packages/pymysql/connections.py", line 826, in _read_query_result
    result.read()
    ~~~~~~~~~~~^^
  File "/home/rumeshchathuranga/Documents/DBMS_Claude/backend/venv/lib64/python3.13/site-packages/pymysql/connections.py", line 1203, in read
    first_packet = self.connection._read_packet()
  File "/home/rumeshchathuranga/Documents/DBMS_Claude/backend/venv/lib64/python3.13/site-packages/pymysql/connections.py", line 782, in _read_packet
    packet.raise_for_error()
    ~~~~~~~~~~~~~~~~~~~~~~^^
  File "/home/rumeshchathuranga/Documents/DBMS_Claude/backend/venv/lib64/python3.13/site-packages/pymysql/protocol.py", line 219, in raise_for_error
    err.raise_mysql_exception(self._data)
    ~~~~~~~~~~~~~~~~~~~~~~~~~^^^^^^^^^^^^
  File "/home/rumeshchathuranga/Documents/DBMS_Claude/backend/venv/lib64/python3.13/site-packages/pymysql/err.py", line 150, in raise_mysql_exception
    raise errorclass(errno, errval)
pymysql.err.OperationalError: (1054, "Unknown column 'br.location' in 'field list'")
ERROR:app.api.routes.reservations:Failed to get bookings: (1054, "Unknown column 'br.location' in 'field list'")
ERROR:app.main:Unexpected error: 'NoneType' object has no attribute 'HTTP_500_INTERNAL_SERVER_ERROR'
Traceback (most recent call last):
  File "/home/rumeshchathuranga/Documents/DBMS_Claude/backend/app/api/routes/reservations.py", line 104, in get_bookings
    bookings = BookingService.get_bookings(
        branch_id=branch_id,
    ...<2 lines>...
        page_size=page_size
    )
  File "/home/rumeshchathuranga/Documents/DBMS_Claude/backend/app/services/booking_service.py", line 264, in get_bookings
    bookings = DatabaseOperations.execute_query(
        query,
        tuple(params),
        fetch_all=True
    )
  File "/home/rumeshchathuranga/Documents/DBMS_Claude/backend/app/database/connection.py", line 172, in execute_query
    cursor.execute(query, params or ())
    ~~~~~~~~~~~~~~^^^^^^^^^^^^^^^^^^^^^
  File "/home/rumeshchathuranga/Documents/DBMS_Claude/backend/venv/lib64/python3.13/site-packages/pymysql/cursors.py", line 153, in execute
    result = self._query(query)
  File "/home/rumeshchathuranga/Documents/DBMS_Claude/backend/venv/lib64/python3.13/site-packages/pymysql/cursors.py", line 322, in _query
    conn.query(q)
    ~~~~~~~~~~^^^
  File "/home/rumeshchathuranga/Documents/DBMS_Claude/backend/venv/lib64/python3.13/site-packages/pymysql/connections.py", line 575, in query
    self._affected_rows = self._read_query_result(unbuffered=unbuffered)
                          ~~~~~~~~~~~~~~~~~~~~~~~^^^^^^^^^^^^^^^^^^^^^^^
  File "/home/rumeshchathuranga/Documents/DBMS_Claude/backend/venv/lib64/python3.13/site-packages/pymysql/connections.py", line 826, in _read_query_result
    result.read()
    ~~~~~~~~~~~^^
  File "/home/rumeshchathuranga/Documents/DBMS_Claude/backend/venv/lib64/python3.13/site-packages/pymysql/connections.py", line 1203, in read
    first_packet = self.connection._read_packet()
  File "/home/rumeshchathuranga/Documents/DBMS_Claude/backend/venv/lib64/python3.13/site-packages/pymysql/connections.py", line 782, in _read_packet
    packet.raise_for_error()
    ~~~~~~~~~~~~~~~~~~~~~~^^
  File "/home/rumeshchathuranga/Documents/DBMS_Claude/backend/venv/lib64/python3.13/site-packages/pymysql/protocol.py", line 219, in raise_for_error
    err.raise_mysql_exception(self._data)
    ~~~~~~~~~~~~~~~~~~~~~~~~~^^^^^^^^^^^^
  File "/home/rumeshchathuranga/Documents/DBMS_Claude/backend/venv/lib64/python3.13/site-packages/pymysql/err.py", line 150, in raise_mysql_exception
    raise errorclass(errno, errval)
pymysql.err.OperationalError: (1054, "Unknown column 'br.location' in 'field list'")

During handling of the above exception, another exception occurred:

Traceback (most recent call last):
  File "/home/rumeshchathuranga/Documents/DBMS_Claude/backend/venv/lib64/python3.13/site-packages/starlette/middleware/errors.py", line 164, in __call__
    await self.app(scope, receive, _send)
  File "/home/rumeshchathuranga/Documents/DBMS_Claude/backend/venv/lib64/python3.13/site-packages/starlette/middleware/cors.py", line 85, in __call__
    await self.app(scope, receive, send)
  File "/home/rumeshchathuranga/Documents/DBMS_Claude/backend/venv/lib64/python3.13/site-packages/starlette/middleware/exceptions.py", line 63, in __call__
    await wrap_app_handling_exceptions(self.app, conn)(scope, receive, send)
  File "/home/rumeshchathuranga/Documents/DBMS_Claude/backend/venv/lib64/python3.13/site-packages/starlette/_exception_handler.py", line 53, in wrapped_app
    raise exc
  File "/home/rumeshchathuranga/Documents/DBMS_Claude/backend/venv/lib64/python3.13/site-packages/starlette/_exception_handler.py", line 42, in wrapped_app
    await app(scope, receive, sender)
  File "/home/rumeshchathuranga/Documents/DBMS_Claude/backend/venv/lib64/python3.13/site-packages/fastapi/middleware/asyncexitstack.py", line 18, in __call__
    await self.app(scope, receive, send)
  File "/home/rumeshchathuranga/Documents/DBMS_Claude/backend/venv/lib64/python3.13/site-packages/starlette/routing.py", line 716, in __call__
    await self.middleware_stack(scope, receive, send)
  File "/home/rumeshchathuranga/Documents/DBMS_Claude/backend/venv/lib64/python3.13/site-packages/starlette/routing.py", line 736, in app
    await route.handle(scope, receive, send)
  File "/home/rumeshchathuranga/Documents/DBMS_Claude/backend/venv/lib64/python3.13/site-packages/starlette/routing.py", line 290, in handle
    await self.app(scope, receive, send)
  File "/home/rumeshchathuranga/Documents/DBMS_Claude/backend/venv/lib64/python3.13/site-packages/fastapi/routing.py", line 123, in app
    await wrap_app_handling_exceptions(app, request)(scope, receive, send)
  File "/home/rumeshchathuranga/Documents/DBMS_Claude/backend/venv/lib64/python3.13/site-packages/starlette/_exception_handler.py", line 53, in wrapped_app
    raise exc
  File "/home/rumeshchathuranga/Documents/DBMS_Claude/backend/venv/lib64/python3.13/site-packages/starlette/_exception_handler.py", line 42, in wrapped_app
    await app(scope, receive, sender)
  File "/home/rumeshchathuranga/Documents/DBMS_Claude/backend/venv/lib64/python3.13/site-packages/fastapi/routing.py", line 109, in app
    response = await f(request)
               ^^^^^^^^^^^^^^^^
  File "/home/rumeshchathuranga/Documents/DBMS_Claude/backend/venv/lib64/python3.13/site-packages/fastapi/routing.py", line 387, in app
    raw_response = await run_endpoint_function(
                   ^^^^^^^^^^^^^^^^^^^^^^^^^^^^
    ...<3 lines>...
    )
    ^
  File "/home/rumeshchathuranga/Documents/DBMS_Claude/backend/venv/lib64/python3.13/site-packages/fastapi/routing.py", line 288, in run_endpoint_function
    return await dependant.call(**values)
           ^^^^^^^^^^^^^^^^^^^^^^^^^^^^^^
  File "/home/rumeshchathuranga/Documents/DBMS_Claude/backend/app/api/routes/reservations.py", line 116, in get_bookings
    status_code=status.HTTP_500_INTERNAL_SERVER_ERROR,
                ^^^^^^^^^^^^^^^^^^^^^^^^^^^^^^^^^^^^^
AttributeError: 'NoneType' object has no attribute 'HTTP_500_INTERNAL_SERVER_ERROR'
INFO:     127.0.0.1:35966 - "GET /api/reservations HTTP/1.1" 500 Internal Server Error
ERROR:    Exception in ASGI application
Traceback (most recent call last):
  File "/home/rumeshchathuranga/Documents/DBMS_Claude/backend/app/api/routes/reservations.py", line 104, in get_bookings
    bookings = BookingService.get_bookings(
        branch_id=branch_id,
    ...<2 lines>...
        page_size=page_size
    )
  File "/home/rumeshchathuranga/Documents/DBMS_Claude/backend/app/services/booking_service.py", line 264, in get_bookings
    bookings = DatabaseOperations.execute_query(
        query,
        tuple(params),
        fetch_all=True
    )
  File "/home/rumeshchathuranga/Documents/DBMS_Claude/backend/app/database/connection.py", line 172, in execute_query
    cursor.execute(query, params or ())
    ~~~~~~~~~~~~~~^^^^^^^^^^^^^^^^^^^^^
  File "/home/rumeshchathuranga/Documents/DBMS_Claude/backend/venv/lib64/python3.13/site-packages/pymysql/cursors.py", line 153, in execute
    result = self._query(query)
  File "/home/rumeshchathuranga/Documents/DBMS_Claude/backend/venv/lib64/python3.13/site-packages/pymysql/cursors.py", line 322, in _query
    conn.query(q)
    ~~~~~~~~~~^^^
  File "/home/rumeshchathuranga/Documents/DBMS_Claude/backend/venv/lib64/python3.13/site-packages/pymysql/connections.py", line 575, in query
    self._affected_rows = self._read_query_result(unbuffered=unbuffered)
                          ~~~~~~~~~~~~~~~~~~~~~~~^^^^^^^^^^^^^^^^^^^^^^^
  File "/home/rumeshchathuranga/Documents/DBMS_Claude/backend/venv/lib64/python3.13/site-packages/pymysql/connections.py", line 826, in _read_query_result
    result.read()
    ~~~~~~~~~~~^^
  File "/home/rumeshchathuranga/Documents/DBMS_Claude/backend/venv/lib64/python3.13/site-packages/pymysql/connections.py", line 1203, in read
    first_packet = self.connection._read_packet()
  File "/home/rumeshchathuranga/Documents/DBMS_Claude/backend/venv/lib64/python3.13/site-packages/pymysql/connections.py", line 782, in _read_packet
    packet.raise_for_error()
    ~~~~~~~~~~~~~~~~~~~~~~^^
  File "/home/rumeshchathuranga/Documents/DBMS_Claude/backend/venv/lib64/python3.13/site-packages/pymysql/protocol.py", line 219, in raise_for_error
    err.raise_mysql_exception(self._data)
    ~~~~~~~~~~~~~~~~~~~~~~~~~^^^^^^^^^^^^
  File "/home/rumeshchathuranga/Documents/DBMS_Claude/backend/venv/lib64/python3.13/site-packages/pymysql/err.py", line 150, in raise_mysql_exception
    raise errorclass(errno, errval)
pymysql.err.OperationalError: (1054, "Unknown column 'br.location' in 'field list'")

During handling of the above exception, another exception occurred:

Traceback (most recent call last):
  File "/home/rumeshchathuranga/Documents/DBMS_Claude/backend/venv/lib64/python3.13/site-packages/uvicorn/protocols/http/h11_impl.py", line 403, in run_asgi
    result = await app(  # type: ignore[func-returns-value]
             ^^^^^^^^^^^^^^^^^^^^^^^^^^^^^^^^^^^^^^^^^^^^^^
        self.scope, self.receive, self.send
        ^^^^^^^^^^^^^^^^^^^^^^^^^^^^^^^^^^^
    )
    ^
  File "/home/rumeshchathuranga/Documents/DBMS_Claude/backend/venv/lib64/python3.13/site-packages/uvicorn/middleware/proxy_headers.py", line 60, in __call__
    return await self.app(scope, receive, send)
           ^^^^^^^^^^^^^^^^^^^^^^^^^^^^^^^^^^^^
  File "/home/rumeshchathuranga/Documents/DBMS_Claude/backend/venv/lib64/python3.13/site-packages/fastapi/applications.py", line 1133, in __call__
    await super().__call__(scope, receive, send)
  File "/home/rumeshchathuranga/Documents/DBMS_Claude/backend/venv/lib64/python3.13/site-packages/starlette/applications.py", line 113, in __call__
    await self.middleware_stack(scope, receive, send)
  File "/home/rumeshchathuranga/Documents/DBMS_Claude/backend/venv/lib64/python3.13/site-packages/starlette/middleware/errors.py", line 186, in __call__
    raise exc
  File "/home/rumeshchathuranga/Documents/DBMS_Claude/backend/venv/lib64/python3.13/site-packages/starlette/middleware/errors.py", line 164, in __call__
    await self.app(scope, receive, _send)
  File "/home/rumeshchathuranga/Documents/DBMS_Claude/backend/venv/lib64/python3.13/site-packages/starlette/middleware/cors.py", line 85, in __call__
    await self.app(scope, receive, send)
  File "/home/rumeshchathuranga/Documents/DBMS_Claude/backend/venv/lib64/python3.13/site-packages/starlette/middleware/exceptions.py", line 63, in __call__
    await wrap_app_handling_exceptions(self.app, conn)(scope, receive, send)
  File "/home/rumeshchathuranga/Documents/DBMS_Claude/backend/venv/lib64/python3.13/site-packages/starlette/_exception_handler.py", line 53, in wrapped_app
    raise exc
  File "/home/rumeshchathuranga/Documents/DBMS_Claude/backend/venv/lib64/python3.13/site-packages/starlette/_exception_handler.py", line 42, in wrapped_app
    await app(scope, receive, sender)
  File "/home/rumeshchathuranga/Documents/DBMS_Claude/backend/venv/lib64/python3.13/site-packages/fastapi/middleware/asyncexitstack.py", line 18, in __call__
    await self.app(scope, receive, send)
  File "/home/rumeshchathuranga/Documents/DBMS_Claude/backend/venv/lib64/python3.13/site-packages/starlette/routing.py", line 716, in __call__
    await self.middleware_stack(scope, receive, send)
  File "/home/rumeshchathuranga/Documents/DBMS_Claude/backend/venv/lib64/python3.13/site-packages/starlette/routing.py", line 736, in app
    await route.handle(scope, receive, send)
  File "/home/rumeshchathuranga/Documents/DBMS_Claude/backend/venv/lib64/python3.13/site-packages/starlette/routing.py", line 290, in handle
    await self.app(scope, receive, send)
  File "/home/rumeshchathuranga/Documents/DBMS_Claude/backend/venv/lib64/python3.13/site-packages/fastapi/routing.py", line 123, in app
    await wrap_app_handling_exceptions(app, request)(scope, receive, send)
  File "/home/rumeshchathuranga/Documents/DBMS_Claude/backend/venv/lib64/python3.13/site-packages/starlette/_exception_handler.py", line 53, in wrapped_app
    raise exc
  File "/home/rumeshchathuranga/Documents/DBMS_Claude/backend/venv/lib64/python3.13/site-packages/starlette/_exception_handler.py", line 42, in wrapped_app
    await app(scope, receive, sender)
  File "/home/rumeshchathuranga/Documents/DBMS_Claude/backend/venv/lib64/python3.13/site-packages/fastapi/routing.py", line 109, in app
    response = await f(request)
               ^^^^^^^^^^^^^^^^
  File "/home/rumeshchathuranga/Documents/DBMS_Claude/backend/venv/lib64/python3.13/site-packages/fastapi/routing.py", line 387, in app
    raw_response = await run_endpoint_function(
                   ^^^^^^^^^^^^^^^^^^^^^^^^^^^^
    ...<3 lines>...
    )
    ^
  File "/home/rumeshchathuranga/Documents/DBMS_Claude/backend/venv/lib64/python3.13/site-packages/fastapi/routing.py", line 288, in run_endpoint_function
    return await dependant.call(**values)
           ^^^^^^^^^^^^^^^^^^^^^^^^^^^^^^
  File "/home/rumeshchathuranga/Documents/DBMS_Claude/backend/app/api/routes/reservations.py", line 116, in get_bookings
    status_code=status.HTTP_500_INTERNAL_SERVER_ERROR,
                ^^^^^^^^^^^^^^^^^^^^^^^^^^^^^^^^^^^^^
AttributeError: 'NoneType' object has no attribute 'HTTP_500_INTERNAL_SERVER_ERROR'
WARNING:  StatReload detected changes in 'app/api/routes/reservations.py'. Reloading...
INFO:     Shutting down
INFO:     Waiting for application shutdown.
INFO:app.main:👋 Shutting down HRGSMS API...
INFO:     Application shutdown complete.
INFO:     Finished server process [16211]
INFO:app.database.connection:✅ Database connection pool initialized successfully
INFO:     Started server process [16478]
INFO:     Waiting for application startup.
INFO:app.main:🚀 Starting HRGSMS API...
INFO:app.main:✅ Database connection pool initialized
INFO:     Application startup complete.
WARNING:  StatReload detected changes in 'app/api/routes/reservations.py'. Reloading...
INFO:     Shutting down
INFO:     Waiting for application shutdown.
INFO:app.main:👋 Shutting down HRGSMS API...
INFO:     Application shutdown complete.
INFO:     Finished server process [16478]
INFO:app.database.connection:✅ Database connection pool initialized successfully
INFO:     Started server process [16489]
INFO:     Waiting for application startup.
INFO:app.main:🚀 Starting HRGSMS API...
INFO:app.main:✅ Database connection pool initialized
INFO:     Application startup complete.
INFO:app.services.booking_service:Getting bookings - branch_id: None, status: None, page: 1, page_size: 20
INFO:app.services.booking_service:Executing query: 
                SELECT 
                    b.bookingID,
                    b.guestID,
                    b.branchID,
                    b.roomID,
                    b.rate,
                    b.checkInDate,
                    b.checkOutDate,
                    b.numGuests,
                    b.bookingStatus,
                    g.firstName,
                    g.lastName,
                    g.phone,
                    g.email,
                    r.roomNo,
                    rt.typeName,
                    br.location as branchLocation
                FROM Booking b
                JOIN Guest g ON b.guestID = g.guestID
                JOIN Room r ON b.roomID = r.roomID
                JOIN Room_Type rt ON r.typeID = rt.typeID
                JOIN Branch br ON b.branchID = br.branchID
             ORDER BY b.checkInDate DESC
INFO:app.services.booking_service:With params: []
ERROR:app.database.connection:❌ Database error: (1054, "Unknown column 'br.location' in 'field list'")
ERROR:app.database.connection:❌ Query execution error: (1054, "Unknown column 'br.location' in 'field list'")
ERROR:app.database.connection:Query: 
                SELECT 
                    b.bookingID,
                    b.guestID,
                    b.branchID,
                    b.roomID,
                    b.rate,
                    b.checkInDate,
                    b.checkOutDate,
                    b.numGuests,
                    b.bookingStatus,
                    g.firstName,
                    g.lastName,
                    g.phone,
                    g.email,
                    r.roomNo,
                    rt.typeName,
                    br.location as branchLocation
                FROM Booking b
                JOIN Guest g ON b.guestID = g.guestID
                JOIN Room r ON b.roomID = r.roomID
                JOIN Room_Type rt ON r.typeID = rt.typeID
                JOIN Branch br ON b.branchID = br.branchID
             ORDER BY b.checkInDate DESC
ERROR:app.database.connection:Params: ()
ERROR:app.services.booking_service:Failed to get bookings: (1054, "Unknown column 'br.location' in 'field list'")
ERROR:app.services.booking_service:Full exception details:
Traceback (most recent call last):
  File "/home/rumeshchathuranga/Documents/DBMS_Claude/backend/app/services/booking_service.py", line 264, in get_bookings
    bookings = DatabaseOperations.execute_query(
        query,
        tuple(params),
        fetch_all=True
    )
  File "/home/rumeshchathuranga/Documents/DBMS_Claude/backend/app/database/connection.py", line 172, in execute_query
    cursor.execute(query, params or ())
    ~~~~~~~~~~~~~~^^^^^^^^^^^^^^^^^^^^^
  File "/home/rumeshchathuranga/Documents/DBMS_Claude/backend/venv/lib64/python3.13/site-packages/pymysql/cursors.py", line 153, in execute
    result = self._query(query)
  File "/home/rumeshchathuranga/Documents/DBMS_Claude/backend/venv/lib64/python3.13/site-packages/pymysql/cursors.py", line 322, in _query
    conn.query(q)
    ~~~~~~~~~~^^^
  File "/home/rumeshchathuranga/Documents/DBMS_Claude/backend/venv/lib64/python3.13/site-packages/pymysql/connections.py", line 575, in query
    self._affected_rows = self._read_query_result(unbuffered=unbuffered)
                          ~~~~~~~~~~~~~~~~~~~~~~~^^^^^^^^^^^^^^^^^^^^^^^
  File "/home/rumeshchathuranga/Documents/DBMS_Claude/backend/venv/lib64/python3.13/site-packages/pymysql/connections.py", line 826, in _read_query_result
    result.read()
    ~~~~~~~~~~~^^
  File "/home/rumeshchathuranga/Documents/DBMS_Claude/backend/venv/lib64/python3.13/site-packages/pymysql/connections.py", line 1203, in read
    first_packet = self.connection._read_packet()
  File "/home/rumeshchathuranga/Documents/DBMS_Claude/backend/venv/lib64/python3.13/site-packages/pymysql/connections.py", line 782, in _read_packet
    packet.raise_for_error()
    ~~~~~~~~~~~~~~~~~~~~~~^^
  File "/home/rumeshchathuranga/Documents/DBMS_Claude/backend/venv/lib64/python3.13/site-packages/pymysql/protocol.py", line 219, in raise_for_error
    err.raise_mysql_exception(self._data)
    ~~~~~~~~~~~~~~~~~~~~~~~~~^^^^^^^^^^^^
  File "/home/rumeshchathuranga/Documents/DBMS_Claude/backend/venv/lib64/python3.13/site-packages/pymysql/err.py", line 150, in raise_mysql_exception
    raise errorclass(errno, errval)
pymysql.err.OperationalError: (1054, "Unknown column 'br.location' in 'field list'")
ERROR:app.api.routes.reservations:Failed to get bookings: (1054, "Unknown column 'br.location' in 'field list'")
INFO:     127.0.0.1:56864 - "GET /api/reservations HTTP/1.1" 500 Internal Server Error
WARNING:  StatReload detected changes in 'app/services/booking_service.py'. Reloading...
INFO:     Shutting down
INFO:     Waiting for application shutdown.
INFO:app.main:👋 Shutting down HRGSMS API...
INFO:     Application shutdown complete.
INFO:     Finished server process [16489]
INFO:app.database.connection:✅ Database connection pool initialized successfully
INFO:     Started server process [16693]
INFO:     Waiting for application startup.
INFO:app.main:🚀 Starting HRGSMS API...
INFO:app.main:✅ Database connection pool initialized
INFO:     Application startup complete.
INFO:app.services.booking_service:Getting bookings - branch_id: None, status: None, page: 1, page_size: 20
INFO:app.services.booking_service:Executing query: 
                SELECT 
                    b.bookingID,
                    b.guestID,
                    b.branchID,
                    b.roomID,
                    b.rate,
                    b.checkInDate,
                    b.checkOutDate,
                    b.numGuests,
                    b.bookingStatus,
                    g.firstName,
                    g.lastName,
                    g.phone,
                    g.email,
                    r.roomNo,
                    rt.typeName,
                    br.branchLocation
                FROM Booking b
                JOIN Guest g ON b.guestID = g.guestID
                JOIN Room r ON b.roomID = r.roomID
                JOIN Room_Type rt ON r.typeID = rt.typeID
                JOIN Branch br ON b.branchID = br.branchID
             ORDER BY b.checkInDate DESC
INFO:app.services.booking_service:With params: []
INFO:app.services.booking_service:Retrieved 8 bookings
INFO:     127.0.0.1:34676 - "GET /api/reservations HTTP/1.1" 200 OK
INFO:     127.0.0.1:47754 - "GET /api/guests/search?query=Silva HTTP/1.1" 200 OK
INFO:app.services.auth_service:User 'admin' authenticated successfully
INFO:     127.0.0.1:36402 - "POST /api/auth/login HTTP/1.1" 200 OK
INFO:app.services.booking_service:Getting bookings - branch_id: None, status: None, page: 1, page_size: 20
INFO:app.services.booking_service:Executing query: 
                SELECT 
                    b.bookingID,
                    b.guestID,
                    b.branchID,
                    b.roomID,
                    b.rate,
                    b.checkInDate,
                    b.checkOutDate,
                    b.numGuests,
                    b.bookingStatus,
                    g.firstName,
                    g.lastName,
                    g.phone,
                    g.email,
                    r.roomNo,
                    rt.typeName,
                    br.branchLocation
                FROM Booking b
                JOIN Guest g ON b.guestID = g.guestID
                JOIN Room r ON b.roomID = r.roomID
                JOIN Room_Type rt ON r.typeID = rt.typeID
                JOIN Branch br ON b.branchID = br.branchID
             ORDER BY b.checkInDate DESC
INFO:app.services.booking_service:With params: []
INFO:app.services.booking_service:Retrieved 8 bookings
INFO:     127.0.0.1:41916 - "GET /api/reservations HTTP/1.1" 200 OK
INFO:     127.0.0.1:35968 - "GET /api/guests/search?query=Silva HTTP/1.1" 200 OK
INFO:     127.0.0.1:51242 - "OPTIONS /api/auth/login HTTP/1.1" 200 OK
INFO:app.services.auth_service:User 'admin' authenticated successfully
INFO:     127.0.0.1:51242 - "POST /api/auth/login HTTP/1.1" 200 OK
INFO:     127.0.0.1:51242 - "OPTIONS /api/reservations HTTP/1.1" 200 OK
INFO:     127.0.0.1:51244 - "OPTIONS /api/reservations HTTP/1.1" 200 OK
INFO:app.services.booking_service:Getting bookings - branch_id: None, status: None, page: 1, page_size: 20
INFO:app.services.booking_service:Executing query: 
                SELECT 
                    b.bookingID,
                    b.guestID,
                    b.branchID,
                    b.roomID,
                    b.rate,
                    b.checkInDate,
                    b.checkOutDate,
                    b.numGuests,
                    b.bookingStatus,
                    g.firstName,
                    g.lastName,
                    g.phone,
                    g.email,
                    r.roomNo,
                    rt.typeName,
                    br.branchLocation
                FROM Booking b
                JOIN Guest g ON b.guestID = g.guestID
                JOIN Room r ON b.roomID = r.roomID
                JOIN Room_Type rt ON r.typeID = rt.typeID
                JOIN Branch br ON b.branchID = br.branchID
             ORDER BY b.checkInDate DESC
INFO:app.services.booking_service:With params: []
INFO:app.services.booking_service:Retrieved 8 bookings
INFO:     127.0.0.1:51242 - "GET /api/reservations HTTP/1.1" 200 OK
INFO:app.services.booking_service:Getting bookings - branch_id: None, status: None, page: 1, page_size: 20
INFO:app.services.booking_service:Executing query: 
                SELECT 
                    b.bookingID,
                    b.guestID,
                    b.branchID,
                    b.roomID,
                    b.rate,
                    b.checkInDate,
                    b.checkOutDate,
                    b.numGuests,
                    b.bookingStatus,
                    g.firstName,
                    g.lastName,
                    g.phone,
                    g.email,
                    r.roomNo,
                    rt.typeName,
                    br.branchLocation
                FROM Booking b
                JOIN Guest g ON b.guestID = g.guestID
                JOIN Room r ON b.roomID = r.roomID
                JOIN Room_Type rt ON r.typeID = rt.typeID
                JOIN Branch br ON b.branchID = br.branchID
             ORDER BY b.checkInDate DESC
INFO:app.services.booking_service:With params: []
INFO:app.services.booking_service:Retrieved 8 bookings
INFO:     127.0.0.1:51244 - "GET /api/reservations HTTP/1.1" 200 OK
INFO:     127.0.0.1:45652 - "OPTIONS /api/rooms/types HTTP/1.1" 200 OK
INFO:     127.0.0.1:45652 - "GET /api/rooms/types HTTP/1.1" 404 Not Found
INFO:     127.0.0.1:53474 - "OPTIONS /api/guests?query=kamal&page=1&page_size=20 HTTP/1.1" 200 OK
INFO:     127.0.0.1:53474 - "GET /api/guests?query=kamal&page=1&page_size=20 HTTP/1.1" 405 Method Not Allowed
INFO:     127.0.0.1:53474 - "GET /api/guests?query=kamal&page=1&page_size=20 HTTP/1.1" 405 Method Not Allowed
INFO:     127.0.0.1:55324 - "GET /api/rooms/types HTTP/1.1" 404 Not Found
INFO:     127.0.0.1:55324 - "OPTIONS /api/guests?query=%2B94771234567&page=1&page_size=20 HTTP/1.1" 200 OK
INFO:     127.0.0.1:55324 - "GET /api/guests?query=%2B94771234567&page=1&page_size=20 HTTP/1.1" 405 Method Not Allowed
INFO:     127.0.0.1:55340 - "GET /api/guests?query=%2B94771234567&page=1&page_size=20 HTTP/1.1" 405 Method Not Allowed
INFO:     127.0.0.1:44142 - "GET /api/rooms/types HTTP/1.1" 404 Not Found
INFO:     127.0.0.1:34166 - "GET /api/guests?query=%2B94771234567&page=1&page_size=20 HTTP/1.1" 405 Method Not Allowed
INFO:     127.0.0.1:34166 - "OPTIONS /api/rooms/branch/1 HTTP/1.1" 200 OK
INFO:     127.0.0.1:58374 - "GET /api/rooms/types HTTP/1.1" 404 Not Found
INFO:     127.0.0.1:58390 - "OPTIONS /api/rooms/branch/1 HTTP/1.1" 200 OK
INFO:     127.0.0.1:34166 - "GET /api/rooms/types HTTP/1.1" 404 Not Found
INFO:     127.0.0.1:58396 - "GET /api/rooms/branch/1 HTTP/1.1" 404 Not Found
INFO:     127.0.0.1:58374 - "GET /api/rooms/branch/1 HTTP/1.1" 404 Not Found
INFO:     127.0.0.1:58374 - "OPTIONS /api/services HTTP/1.1" 200 OK
INFO:     127.0.0.1:34166 - "OPTIONS /api/services HTTP/1.1" 200 OK
INFO:     127.0.0.1:58374 - "GET /api/services HTTP/1.1" 200 OK
INFO:     127.0.0.1:34166 - "GET /api/services HTTP/1.1" 200 OK
INFO:     127.0.0.1:43106 - "OPTIONS /api/reservations/94771234567 HTTP/1.1" 200 OK
INFO:     127.0.0.1:43106 - "GET /api/reservations/94771234567 HTTP/1.1" 404 Not Found
INFO:app.services.auth_service:User 'admin' authenticated successfully
INFO:     127.0.0.1:38916 - "POST /api/auth/login HTTP/1.1" 200 OK
INFO:app.services.booking_service:Getting bookings - branch_id: None, status: None, page: 1, page_size: 20
INFO:app.services.booking_service:Executing query: 
                SELECT 
                    b.bookingID,
                    b.guestID,
                    b.branchID,
                    b.roomID,
                    b.rate,
                    b.checkInDate,
                    b.checkOutDate,
                    b.numGuests,
                    b.bookingStatus,
                    g.firstName,
                    g.lastName,
                    g.phone,
                    g.email,
                    r.roomNo,
                    rt.typeName,
                    br.branchLocation
                FROM Booking b
                JOIN Guest g ON b.guestID = g.guestID
                JOIN Room r ON b.roomID = r.roomID
                JOIN Room_Type rt ON r.typeID = rt.typeID
                JOIN Branch br ON b.branchID = br.branchID
             ORDER BY b.checkInDate DESC
INFO:app.services.booking_service:With params: []
INFO:app.services.booking_service:Retrieved 8 bookings
INFO:     127.0.0.1:49538 - "GET /api/reservations HTTP/1.1" 200 OK
INFO:app.services.booking_service:Getting bookings - branch_id: None, status: None, page: 1, page_size: 20
INFO:app.services.booking_service:Executing query: 
                SELECT 
                    b.bookingID,
                    b.guestID,
                    b.branchID,
                    b.roomID,
                    b.rate,
                    b.checkInDate,
                    b.checkOutDate,
                    b.numGuests,
                    b.bookingStatus,
                    g.firstName,
                    g.lastName,
                    g.phone,
                    g.email,
                    r.roomNo,
                    rt.typeName,
                    br.branchLocation
                FROM Booking b
                JOIN Guest g ON b.guestID = g.guestID
                JOIN Room r ON b.roomID = r.roomID
                JOIN Room_Type rt ON r.typeID = rt.typeID
                JOIN Branch br ON b.branchID = br.branchID
             ORDER BY b.checkInDate DESC
INFO:app.services.booking_service:With params: []
INFO:app.services.booking_service:Retrieved 8 bookings
INFO:     127.0.0.1:49542 - "GET /api/reservations HTTP/1.1" 200 OK
INFO:     127.0.0.1:46588 - "GET /api/rooms/types HTTP/1.1" 404 Not Found
INFO:     127.0.0.1:47442 - "OPTIONS /api/reservations/6 HTTP/1.1" 200 OK
INFO:app.services.booking_service:Booking 6 cancelled
INFO:     127.0.0.1:47442 - "DELETE /api/reservations/6 HTTP/1.1" 200 OK
INFO:app.services.booking_service:Getting bookings - branch_id: None, status: None, page: 1, page_size: 20
INFO:app.services.booking_service:Executing query: 
                SELECT 
                    b.bookingID,
                    b.guestID,
                    b.branchID,
                    b.roomID,
                    b.rate,
                    b.checkInDate,
                    b.checkOutDate,
                    b.numGuests,
                    b.bookingStatus,
                    g.firstName,
                    g.lastName,
                    g.phone,
                    g.email,
                    r.roomNo,
                    rt.typeName,
                    br.branchLocation
                FROM Booking b
                JOIN Guest g ON b.guestID = g.guestID
                JOIN Room r ON b.roomID = r.roomID
                JOIN Room_Type rt ON r.typeID = rt.typeID
                JOIN Branch br ON b.branchID = br.branchID
             ORDER BY b.checkInDate DESC
INFO:app.services.booking_service:With params: []
INFO:app.services.booking_service:Retrieved 8 bookings
INFO:     127.0.0.1:47442 - "GET /api/reservations HTTP/1.1" 200 OK
INFO:     127.0.0.1:47454 - "OPTIONS /api/reservations/5 HTTP/1.1" 200 OK
INFO:app.services.booking_service:Booking 5 cancelled
INFO:     127.0.0.1:47454 - "DELETE /api/reservations/5 HTTP/1.1" 200 OK
INFO:app.services.booking_service:Getting bookings - branch_id: None, status: None, page: 1, page_size: 20
INFO:app.services.booking_service:Executing query: 
                SELECT 
                    b.bookingID,
                    b.guestID,
                    b.branchID,
                    b.roomID,
                    b.rate,
                    b.checkInDate,
                    b.checkOutDate,
                    b.numGuests,
                    b.bookingStatus,
                    g.firstName,
                    g.lastName,
                    g.phone,
                    g.email,
                    r.roomNo,
                    rt.typeName,
                    br.branchLocation
                FROM Booking b
                JOIN Guest g ON b.guestID = g.guestID
                JOIN Room r ON b.roomID = r.roomID
                JOIN Room_Type rt ON r.typeID = rt.typeID
                JOIN Branch br ON b.branchID = br.branchID
             ORDER BY b.checkInDate DESC
INFO:app.services.booking_service:With params: []
INFO:app.services.booking_service:Retrieved 8 bookings
INFO:     127.0.0.1:47454 - "GET /api/reservations HTTP/1.1" 200 OK
INFO:     127.0.0.1:37384 - "OPTIONS /api/reservations/4/check-out HTTP/1.1" 200 OK
ERROR:app.database.connection:❌ Database error: Connection.cursor() got an unexpected keyword argument 'dictionary'
ERROR:app.services.booking_service:Check-out failed: Connection.cursor() got an unexpected keyword argument 'dictionary'
ERROR:app.api.routes.reservations:Check-out failed: Connection.cursor() got an unexpected keyword argument 'dictionary'
INFO:     127.0.0.1:37384 - "POST /api/reservations/4/check-out HTTP/1.1" 500 Internal Server Error
INFO:     127.0.0.1:55764 - "OPTIONS /api/reservations/3/check-out HTTP/1.1" 200 OK
ERROR:app.database.connection:❌ Database error: Connection.cursor() got an unexpected keyword argument 'dictionary'
ERROR:app.services.booking_service:Check-out failed: Connection.cursor() got an unexpected keyword argument 'dictionary'
ERROR:app.api.routes.reservations:Check-out failed: Connection.cursor() got an unexpected keyword argument 'dictionary'
INFO:     127.0.0.1:55764 - "POST /api/reservations/3/check-out HTTP/1.1" 500 Internal Server Error
INFO:     127.0.0.1:33692 - "OPTIONS /api/guests HTTP/1.1" 200 OK
INFO:     127.0.0.1:33692 - "POST /api/guests HTTP/1.1" 200 OK
INFO:     127.0.0.1:49438 - "OPTIONS /api/guests?query=%2B94710420359&page=1&page_size=20 HTTP/1.1" 200 OK
INFO:     127.0.0.1:49438 - "GET /api/guests?query=%2B94710420359&page=1&page_size=20 HTTP/1.1" 405 Method Not Allowed
INFO:     127.0.0.1:39516 - "GET /api/rooms/branch/1 HTTP/1.1" 404 Not Found
INFO:     127.0.0.1:39532 - "GET /api/rooms/types HTTP/1.1" 404 Not Found
INFO:     127.0.0.1:39546 - "GET /api/rooms/branch/1 HTTP/1.1" 404 Not Found
INFO:     127.0.0.1:39556 - "GET /api/rooms/types HTTP/1.1" 404 Not Found
INFO:     127.0.0.1:39556 - "OPTIONS /api/rooms/branch/2 HTTP/1.1" 200 OK
INFO:     127.0.0.1:39546 - "GET /api/rooms/types HTTP/1.1" 404 Not Found
INFO:     127.0.0.1:39556 - "GET /api/rooms/branch/2 HTTP/1.1" 404 Not Found
INFO:     127.0.0.1:39556 - "OPTIONS /api/rooms/branch/3 HTTP/1.1" 200 OK
INFO:     127.0.0.1:39546 - "GET /api/rooms/types HTTP/1.1" 404 Not Found
INFO:     127.0.0.1:39556 - "GET /api/rooms/branch/3 HTTP/1.1" 404 Not Found
INFO:     127.0.0.1:41388 - "GET /api/services HTTP/1.1" 200 OK
INFO:     127.0.0.1:41390 - "GET /api/services HTTP/1.1" 200 OK
